{
  "params": {
    "text_file": "sample-empty.txt",
    "always_notify": "true",
    "debug": "true"
  },
  "source": {
      "url": "https://some.url",
      "username": "concourse",
      "password": "letmein"
    }
}
